// Jest Snapshot v1, https://goo.gl/fbAQLP

exports[`gilded roses 1`] = `
[
  Item {
    "name": "Aged Brie",
    "quality": 1,
    "sellIn": -2,
  },
  Item {
    "name": "Aged Brie",
    "quality": 2,
    "sellIn": -2,
  },
  Item {
    "name": "Aged Brie",
    "quality": 50,
    "sellIn": -2,
  },
  Item {
    "name": "Aged Brie",
    "quality": 80,
    "sellIn": -2,
  },
  Item {
    "name": "Aged Brie",
    "quality": 1,
    "sellIn": -1,
  },
  Item {
    "name": "Aged Brie",
    "quality": 2,
    "sellIn": -1,
  },
  Item {
    "name": "Aged Brie",
    "quality": 50,
    "sellIn": -1,
  },
  Item {
    "name": "Aged Brie",
    "quality": 80,
    "sellIn": -1,
  },
  Item {
    "name": "Aged Brie",
    "quality": 0,
    "sellIn": 9,
  },
  Item {
    "name": "Aged Brie",
    "quality": 1,
    "sellIn": 9,
  },
  Item {
    "name": "Aged Brie",
    "quality": 50,
    "sellIn": 9,
  },
  Item {
    "name": "Aged Brie",
    "quality": 80,
    "sellIn": 9,
  },
  Item {
    "name": "Aged Brie",
    "quality": 0,
    "sellIn": 19,
  },
  Item {
    "name": "Aged Brie",
    "quality": 1,
    "sellIn": 19,
  },
  Item {
    "name": "Aged Brie",
    "quality": 50,
    "sellIn": 19,
  },
  Item {
    "name": "Aged Brie",
    "quality": 80,
    "sellIn": 19,
  },
  Item {
    "name": "Aged Brie",
    "quality": 0,
    "sellIn": 29,
  },
  Item {
    "name": "Aged Brie",
    "quality": 1,
    "sellIn": 29,
  },
  Item {
    "name": "Aged Brie",
    "quality": 50,
    "sellIn": 29,
  },
  Item {
    "name": "Aged Brie",
    "quality": 80,
    "sellIn": 29,
  },
  Item {
    "name": "Aged Brie",
    "quality": 0,
    "sellIn": 39,
  },
  Item {
    "name": "Aged Brie",
    "quality": 1,
    "sellIn": 39,
  },
  Item {
    "name": "Aged Brie",
    "quality": 50,
    "sellIn": 39,
  },
  Item {
    "name": "Aged Brie",
    "quality": 80,
    "sellIn": 39,
  },
  Item {
    "name": "Aged Brie",
    "quality": 0,
    "sellIn": 49,
  },
  Item {
    "name": "Aged Brie",
    "quality": 1,
    "sellIn": 49,
  },
  Item {
    "name": "Aged Brie",
    "quality": 50,
    "sellIn": 49,
  },
  Item {
    "name": "Aged Brie",
    "quality": 80,
    "sellIn": 49,
  },
  Item {
    "name": "Backstage passes to a TAFKAL80ETC concert",
    "quality": 0,
    "sellIn": -2,
  },
  Item {
    "name": "Backstage passes to a TAFKAL80ETC concert",
    "quality": 0,
    "sellIn": -2,
  },
  Item {
    "name": "Backstage passes to a TAFKAL80ETC concert",
    "quality": 0,
    "sellIn": -2,
  },
  Item {
    "name": "Backstage passes to a TAFKAL80ETC concert",
    "quality": 0,
    "sellIn": -2,
  },
  Item {
    "name": "Backstage passes to a TAFKAL80ETC concert",
    "quality": 0,
    "sellIn": -1,
  },
  Item {
    "name": "Backstage passes to a TAFKAL80ETC concert",
    "quality": 0,
    "sellIn": -1,
  },
  Item {
    "name": "Backstage passes to a TAFKAL80ETC concert",
    "quality": 0,
    "sellIn": -1,
  },
  Item {
    "name": "Backstage passes to a TAFKAL80ETC concert",
    "quality": 0,
    "sellIn": -1,
  },
  Item {
    "name": "Backstage passes to a TAFKAL80ETC concert",
    "quality": 1,
    "sellIn": 9,
  },
  Item {
    "name": "Backstage passes to a TAFKAL80ETC concert",
    "quality": 2,
    "sellIn": 9,
  },
  Item {
    "name": "Backstage passes to a TAFKAL80ETC concert",
    "quality": 50,
    "sellIn": 9,
  },
  Item {
    "name": "Backstage passes to a TAFKAL80ETC concert",
    "quality": 80,
    "sellIn": 9,
  },
  Item {
    "name": "Backstage passes to a TAFKAL80ETC concert",
    "quality": 0,
    "sellIn": 19,
  },
  Item {
    "name": "Backstage passes to a TAFKAL80ETC concert",
    "quality": 1,
    "sellIn": 19,
  },
  Item {
    "name": "Backstage passes to a TAFKAL80ETC concert",
    "quality": 50,
    "sellIn": 19,
  },
  Item {
    "name": "Backstage passes to a TAFKAL80ETC concert",
    "quality": 80,
    "sellIn": 19,
  },
  Item {
    "name": "Backstage passes to a TAFKAL80ETC concert",
    "quality": 0,
    "sellIn": 29,
  },
  Item {
    "name": "Backstage passes to a TAFKAL80ETC concert",
    "quality": 1,
    "sellIn": 29,
  },
  Item {
    "name": "Backstage passes to a TAFKAL80ETC concert",
    "quality": 50,
    "sellIn": 29,
  },
  Item {
    "name": "Backstage passes to a TAFKAL80ETC concert",
    "quality": 80,
    "sellIn": 29,
  },
  Item {
    "name": "Backstage passes to a TAFKAL80ETC concert",
    "quality": 0,
    "sellIn": 39,
  },
  Item {
    "name": "Backstage passes to a TAFKAL80ETC concert",
    "quality": 1,
    "sellIn": 39,
  },
  Item {
    "name": "Backstage passes to a TAFKAL80ETC concert",
    "quality": 50,
    "sellIn": 39,
  },
  Item {
    "name": "Backstage passes to a TAFKAL80ETC concert",
    "quality": 80,
    "sellIn": 39,
  },
  Item {
    "name": "Backstage passes to a TAFKAL80ETC concert",
    "quality": 0,
    "sellIn": 49,
  },
  Item {
    "name": "Backstage passes to a TAFKAL80ETC concert",
    "quality": 1,
    "sellIn": 49,
  },
  Item {
    "name": "Backstage passes to a TAFKAL80ETC concert",
    "quality": 50,
    "sellIn": 49,
  },
  Item {
    "name": "Backstage passes to a TAFKAL80ETC concert",
    "quality": 80,
    "sellIn": 49,
  },
  Item {
    "name": "Sulfuras, Hand of Ragnaros",
    "quality": -1,
    "sellIn": -1,
  },
  Item {
    "name": "Sulfuras, Hand of Ragnaros",
    "quality": 0,
    "sellIn": -1,
  },
  Item {
    "name": "Sulfuras, Hand of Ragnaros",
    "quality": 49,
    "sellIn": -1,
  },
  Item {
    "name": "Sulfuras, Hand of Ragnaros",
    "quality": 80,
    "sellIn": -1,
  },
  Item {
    "name": "Sulfuras, Hand of Ragnaros",
    "quality": -1,
    "sellIn": 0,
  },
  Item {
    "name": "Sulfuras, Hand of Ragnaros",
    "quality": 0,
    "sellIn": 0,
  },
  Item {
    "name": "Sulfuras, Hand of Ragnaros",
    "quality": 49,
    "sellIn": 0,
  },
  Item {
    "name": "Sulfuras, Hand of Ragnaros",
    "quality": 80,
    "sellIn": 0,
  },
  Item {
    "name": "Sulfuras, Hand of Ragnaros",
    "quality": -1,
    "sellIn": 10,
  },
  Item {
    "name": "Sulfuras, Hand of Ragnaros",
    "quality": 0,
    "sellIn": 10,
  },
  Item {
    "name": "Sulfuras, Hand of Ragnaros",
    "quality": 49,
    "sellIn": 10,
  },
  Item {
    "name": "Sulfuras, Hand of Ragnaros",
    "quality": 80,
    "sellIn": 10,
  },
  Item {
    "name": "Sulfuras, Hand of Ragnaros",
    "quality": -1,
    "sellIn": 20,
  },
  Item {
    "name": "Sulfuras, Hand of Ragnaros",
    "quality": 0,
    "sellIn": 20,
  },
  Item {
    "name": "Sulfuras, Hand of Ragnaros",
    "quality": 49,
    "sellIn": 20,
  },
  Item {
    "name": "Sulfuras, Hand of Ragnaros",
    "quality": 80,
    "sellIn": 20,
  },
  Item {
    "name": "Sulfuras, Hand of Ragnaros",
    "quality": -1,
    "sellIn": 30,
  },
  Item {
    "name": "Sulfuras, Hand of Ragnaros",
    "quality": 0,
    "sellIn": 30,
  },
  Item {
    "name": "Sulfuras, Hand of Ragnaros",
    "quality": 49,
    "sellIn": 30,
  },
  Item {
    "name": "Sulfuras, Hand of Ragnaros",
    "quality": 80,
    "sellIn": 30,
  },
  Item {
    "name": "Sulfuras, Hand of Ragnaros",
    "quality": -1,
    "sellIn": 40,
  },
  Item {
    "name": "Sulfuras, Hand of Ragnaros",
    "quality": 0,
    "sellIn": 40,
  },
  Item {
    "name": "Sulfuras, Hand of Ragnaros",
    "quality": 49,
    "sellIn": 40,
  },
  Item {
    "name": "Sulfuras, Hand of Ragnaros",
    "quality": 80,
    "sellIn": 40,
  },
  Item {
    "name": "Sulfuras, Hand of Ragnaros",
    "quality": -1,
    "sellIn": 50,
  },
  Item {
    "name": "Sulfuras, Hand of Ragnaros",
    "quality": 0,
    "sellIn": 50,
  },
  Item {
    "name": "Sulfuras, Hand of Ragnaros",
    "quality": 49,
    "sellIn": 50,
  },
  Item {
    "name": "Sulfuras, Hand of Ragnaros",
    "quality": 80,
    "sellIn": 50,
  },
]
`;
